Microchip MPLAB XC8 Compiler V2.46

Linker command line:

-W-3 \
  --edf=C:\Program Files\Microchip\xc8\v2.46\pic\dat\20240104201356_en.msgs \
  -cn -h+dist/default/production\Ambulance.X.production.sym \
  --cmf=dist/default/production\Ambulance.X.production.cmf -z -Q16F877A \
  -oC:\Users\abusa\AppData\Local\Temp\xcAsusk.\driver_tmp_3.o \
  --defsym=__MPLAB_BUILD=1 --fixupoverflow=error \
  -Mdist/default/production/Ambulance.X.production.map \
  --md=C:\Users\abusa\AppData\Local\Temp\xcAsusk.\driver_tmp_0.dat -E1 \
  -ver=XC8 Compiler --acfsm=1493 -ACODE=00h-07FFhx4 -ASTRCODE=00h-01FFFh \
  -ASTRING=00h-0FFhx32 -ACONST=00h-0FFhx32 -AENTRY=00h-0FFhx32 \
  -ACOMMON=070h-07Fh -ABANK0=020h-06Fh -ABANK1=0A0h-0EFh \
  -ABANK2=0110h-016Fh -ABANK3=0190h-01EFh \
  -ARAM=020h-06Fh,0A0h-0EFh,0110h-016Fh,0190h-01EFh \
  -AABS1=020h-07Fh,0A0h-0EFh,0110h-016Fh,0190h-01EFh -ASFR0=00h-01Fh \
  -ASFR1=080h-09Fh -ASFR2=0100h-010Fh -ASFR3=0180h-018Fh \
  -ACONFIG=02007h-02007h -DCONFIG=2 -AIDLOC=02000h-02003h -DIDLOC=2 \
  -AEEDATA=00h-0FFh/02100h -peeprom_data=EEDATA -DEEDATA=2 -DCODE=2 \
  -DSTRCODE=2 -DSTRING=2 -DCONST=2 -DENTRY=2 \
  -preset_vec=00h,intentry=04h,sivt,init,end_init -ppowerup=CODE \
  -pcinit=CODE -pfunctab=ENTRY -k \
  C:\Users\abusa\AppData\Local\Temp\xcAsusk.\driver_tmp_12.o \
  dist/default/production\Ambulance.X.production.o 

Object code version is 3.11

Machine type is 16F877A



                Name                               Link     Load   Length Selector   Space Scale
C:\Users\abusa\AppData\Local\Temp\xcAsusk.\driver_tmp_12.o
                end_init                              C        C        3        8       0
                reset_vec                             0        0        3        0       0
                config                             2007     2007        1        0       4
dist/default/production\Ambulance.X.production.o
                cinit                                 F        F       1C        8       0
                intentry                              4        4        8        8       0
                config                             2007     2007        1        0       4
                text35                              E4F      E4F       16     1C9E       0
                text34                              E65      E65       18     1CCA       0
                text33                              ED9      ED9       27     1DB2       0
                text32                              F86      F86       36     1F0C       0
                text31                              F00      F00       29     1E00       0
                text30                              E95      E95       1F     1D2A       0
                text29                              F29      F29       2D     1E52       0
                text28                              DD6      DD6        7     1BAC       0
                text27                              E7D      E7D       18     1CFA       0
                text26                              E3D      E3D       12     1C7A       0
                text25                              DDD      DDD        7     1BBA       0
                text24                              DE4      DE4        7     1BC8       0
                text23                              DEB      DEB        7     1BD6       0
                text22                              DF2      DF2        7     1BE4       0
                text21                              DF9      DF9        7     1BF2       0
                text20                              E2D      E2D       10     1C5A       0
                text19                              4F0      4F0       9D        8       0
                text18                              7AA      7AA       48        8       0
                text17                              EB4      EB4       25     1D68       0
                text16                              58D      58D       7B        8       0
                text15                              E08      E08        C     1C10       0
                text14                              E14      E14        C     1C28       0
                text13                              680      680       76        8       0
                text12                              E20      E20        D     1C40       0
                text11                               2B       2B      1CF        8       0
                text10                              608      608       78        8       0
                text9                               2F1      2F1       BA        8       0
                text8                               3AB      3AB       A6        8       0
                text7                               451      451       9F        8       0
                text6                               6F6      6F6       69        8       0
                text5                               75F      75F       4B        8       0
                text4                               7F2      7F2        D        8       0
                text3                               FBC      FBC       44     1F78       0
                text2                               F56      F56       30     1EAC       0
                text1                               DD3      DD3        3     1BA6       0
                maintext                            1FA      1FA       F7        8       0
                cstackBANK0                          20       20       33       20       1
                cstackCOMMON                         70       70        A       70       1
                clrtext                             E00      E00        8     1C00       0
                bssBANK1                             A0       A0       32       A0       1
                bssBANK0                             53       53        E       20       1
                dataCOMMON                           7B       7B        1       70       1
                bssCOMMON                            7A       7A        1       70       1
                idataCOMMON                         7FF      7FF        1        8       0

TOTAL           Name                               Link     Load   Length     Space
        CLASS   CODE           
                end_init                              C        C        3         0
                cinit                                 F        F       1C         0
                intentry                              4        4        8         0
                reset_vec                             0        0        3         0
                text35                              E4F      E4F       16         0
                text34                              E65      E65       18         0
                text33                              ED9      ED9       27         0
                text32                              F86      F86       36         0
                text31                              F00      F00       29         0
                text30                              E95      E95       1F         0
                text29                              F29      F29       2D         0
                text28                              DD6      DD6        7         0
                text27                              E7D      E7D       18         0
                text26                              E3D      E3D       12         0
                text25                              DDD      DDD        7         0
                text24                              DE4      DE4        7         0
                text23                              DEB      DEB        7         0
                text22                              DF2      DF2        7         0
                text21                              DF9      DF9        7         0
                text20                              E2D      E2D       10         0
                text19                              4F0      4F0       9D         0
                text18                              7AA      7AA       48         0
                text17                              EB4      EB4       25         0
                text16                              58D      58D       7B         0
                text15                              E08      E08        C         0
                text14                              E14      E14        C         0
                text13                              680      680       76         0
                text12                              E20      E20        D         0
                text11                               2B       2B      1CF         0
                text10                              608      608       78         0
                text9                               2F1      2F1       BA         0
                text8                               3AB      3AB       A6         0
                text7                               451      451       9F         0
                text6                               6F6      6F6       69         0
                text5                               75F      75F       4B         0
                text4                               7F2      7F2        D         0
                text3                               FBC      FBC       44         0
                text2                               F56      F56       30         0
                text1                               DD3      DD3        3         0
                maintext                            1FA      1FA       F7         0
                clrtext                             E00      E00        8         0
                idataCOMMON                         7FF      7FF        1         0

        CLASS   STRCODE        

        CLASS   STRING         

        CLASS   CONST          

        CLASS   ENTRY          

        CLASS   COMMON         
                cstackCOMMON                         70       70        A         1
                dataCOMMON                           7B       7B        1         1
                bssCOMMON                            7A       7A        1         1

        CLASS   BANK0          
                cstackBANK0                          20       20       33         1
                bssBANK0                             53       53        E         1

        CLASS   BANK1          
                bssBANK1                             A0       A0       32         1

        CLASS   BANK2          

        CLASS   BANK3          

        CLASS   RAM            

        CLASS   ABS1           
                abs_s1                               7E       7E        2         1

        CLASS   SFR0           

        CLASS   SFR1           

        CLASS   SFR2           

        CLASS   SFR3           

        CLASS   CONFIG         
                config                             2007     2007        1         4

        CLASS   IDLOC          

        CLASS   EEDATA         

        CLASS   HEAP           

        CLASS   STACK          



SEGMENTS        Name                           Load    Length   Top    Selector   Space  Class     Delta

                reset_vec                      000000  000003  000003         0       0  CODE        2
                intentry                       000004  0007FC  000800         8       0  CODE        2
                cstackBANK0                    000020  000041  000061        20       1  BANK0       1
                cstackCOMMON                   000070  00000C  00007C        70       1  COMMON      1
                bssBANK1                       0000A0  000032  0000D2        A0       1  BANK1       1
                text1                          000DD3  000003  000DD6      1BA6       0  CODE        2
                text28                         000DD6  000007  000DDD      1BAC       0  CODE        2
                text25                         000DDD  000007  000DE4      1BBA       0  CODE        2
                text24                         000DE4  000007  000DEB      1BC8       0  CODE        2
                text23                         000DEB  000007  000DF2      1BD6       0  CODE        2
                text22                         000DF2  000007  000DF9      1BE4       0  CODE        2
                text21                         000DF9  000007  000E00      1BF2       0  CODE        2
                clrtext                        000E00  000008  000E08      1C00       0  CODE        2
                text15                         000E08  00000C  000E14      1C10       0  CODE        2
                text14                         000E14  00000C  000E20      1C28       0  CODE        2
                text12                         000E20  00000D  000E2D      1C40       0  CODE        2
                text20                         000E2D  000010  000E3D      1C5A       0  CODE        2
                text26                         000E3D  000012  000E4F      1C7A       0  CODE        2
                text35                         000E4F  000016  000E65      1C9E       0  CODE        2
                text34                         000E65  000018  000E7D      1CCA       0  CODE        2
                text27                         000E7D  000018  000E95      1CFA       0  CODE        2
                text30                         000E95  00001F  000EB4      1D2A       0  CODE        2
                text17                         000EB4  000025  000ED9      1D68       0  CODE        2
                text33                         000ED9  000027  000F00      1DB2       0  CODE        2
                text31                         000F00  000029  000F29      1E00       0  CODE        2
                text29                         000F29  00002D  000F56      1E52       0  CODE        2
                text2                          000F56  000030  000F86      1EAC       0  CODE        2
                text32                         000F86  000036  000FBC      1F0C       0  CODE        2
                text3                          000FBC  000044  001000      1F78       0  CODE        2


UNUSED ADDRESS RANGES

        Name                Unused          Largest block    Delta
        BANK0            0061-006F              F           1
        BANK1            00D2-00EF             1E           1
        BANK2            0110-016F             60           1
        BANK3            0190-01EF             60           1
        CODE             0003-0003              1           2
                         0800-0DD2            5D3
                         1000-1FFF            800
        COMMON           007C-007D              2           1
        CONST            0003-0003              1           2
                         0800-0DD2            100
                         1000-1FFF            100
        EEDATA           2100-21FF            100           2
        ENTRY            0003-0003              1           2
                         0800-0DD2            100
                         1000-1FFF            100
        IDLOC            2000-2003              4           2
        RAM              0061-006F              F           1
                         00D2-00EF             1E
                         0110-016F             60
                         0190-01EF             60
        SFR0             0000-001F             20           1
        SFR1             0080-009F             20           1
        SFR2             0100-010F             10           1
        SFR3             0180-018F             10           1
        STRCODE          0003-0003              1           2
                         0800-0DD2            5D3
                         1000-1FFF           1000
        STRING           0003-0003              1           2
                         0800-0DD2            100
                         1000-1FFF            100

                                  Symbol Table

?_Read_Ultrasonic1            cstackBANK0  004A
?_Read_Ultrasonic2            cstackBANK0  004A
?___aldiv                     cstackBANK0  0025
?___awdiv                     cstackBANK0  0020
?___fldiv                     cstackBANK0  0026
?___fltol                     cstackBANK0  0040
?___lmul                      cstackCOMMON 0072
?___lwdiv                     cstackCOMMON 0072
?___wmul                      cstackCOMMON 0072
?___xxtofl                    cstackCOMMON 0072
?_adc                         cstackBANK0  0020
DHT11_Check_Response@response cstackCOMMON 0076
DHT11_Read_Byte@data          cstackCOMMON 0077
DHT11_Read_Byte@i             cstackCOMMON 0078
Read_Ultrasonic1@time         cstackBANK0  004C
Read_Ultrasonic1@timeout      cstackBANK0  004E
Read_Ultrasonic2@time         cstackBANK0  004C
Read_Ultrasonic2@timeout      cstackBANK0  004E
Set_LED_DutyCycle@duty        cstackBANK0  002A
Set_LED_DutyCycle@percentage  cstackBANK0  0028
Set_PWM_Duty@duty             cstackBANK0  0039
Set_PWM_Duty@duty_us          cstackBANK0  0034
_ADCON0                       (abs)        001F
_ADCON1                       (abs)        009F
_ADRESH                       (abs)        001E
_ADRESL                       (abs)        009E
_BRGH                         (abs)        04C2
_Backward                     text25       0DDD
_CCP1CON                      (abs)        0017
_CCP1CONbits                  (abs)        0017
_CCP2CON                      (abs)        001D
_CCP2CONbits                  (abs)        001D
_CCPR1L                       (abs)        0015
_CCPR2L                       (abs)        001B
_CREN                         (abs)        00C4
_DHT11_Check_Response         text33       0ED9
_DHT11_Read                   text29       0F29
_DHT11_Read_Byte              text32       0F86
_DHT11_Start                  text30       0E95
_Forward                      text24       0DE4
_GO_nDONE                     (abs)        00FA
_INTCONbits                   (abs)        000B
_ISR                          text35       0E4F
_Initialize_Hbridge           text28       0DD6
_Initialize_UART              text27       0E7D
_LED_Init                     text26       0E3D
_Left                         text23       0DEB
_MOVE                         text13       0680
_OERR                         (abs)        00C1
_PORTBbits                    (abs)        0006
_PR2                          (abs)        0092
_PWM_Init                     text12       0E20
_RB0                          (abs)        0030
_RB1                          (abs)        0031
_RB2                          (abs)        0032
_RB3                          (abs)        0033
_RB4                          (abs)        0034
_RB5                          (abs)        0035
_RB6                          (abs)        0036
_RB7                          (abs)        0037
_RC0                          (abs)        0038
_RC1                          (abs)        0039
_RC5                          (abs)        003D
_RCIF                         (abs)        0065
_RCREG                        (abs)        001A
_RD5                          (abs)        0045
_RD6                          (abs)        0046
_RX9                          (abs)        00C6
_Read_Ultrasonic1             text8        03AB
_Read_Ultrasonic2             text7        0451
_Right                        text22       0DF2
_SPBRG                        (abs)        0099
_SPEN                         (abs)        00C7
_SYNC                         (abs)        04C4
_Set_LED_DutyCycle            text5        075F
_Set_PWM_Duty                 text16       058D
_Stop                         text21       0DF9
_T1CON                        (abs)        0010
_T1CONbits                    (abs)        0010
_T2CON                        (abs)        0012
_TRISA0                       (abs)        0428
_TRISB0                       (abs)        0430
_TRISB1                       (abs)        0431
_TRISB2                       (abs)        0432
_TRISB3                       (abs)        0433
_TRISB4                       (abs)        0434
_TRISB5                       (abs)        0435
_TRISB6                       (abs)        0436
_TRISB7                       (abs)        0437
_TRISC0                       (abs)        0438
_TRISC1                       (abs)        0439
_TRISC2                       (abs)        043A
_TRISC5                       (abs)        043D
_TRISC6                       (abs)        043E
_TRISC7                       (abs)        043F
_TRISD5                       (abs)        0445
_TRISD6                       (abs)        0446
_TX9                          (abs)        04C6
_TXEN                         (abs)        04C5
_TXIF                         (abs)        0064
_TXREG                        (abs)        0019
_UART_get_char                text20       0E2D
_Ultrasonic_Init              text4        07F2
__H__absolute__               __absolute__ 0000
__Habs1                       abs1         0000
__Hbank0                      bank0        0000
__Hbank1                      bank1        0000
__Hbank2                      bank2        0000
__Hbank3                      bank3        0000
__HbssBANK0                   bssBANK0     0000
__HbssBANK1                   bssBANK1     0000
__HbssCOMMON                  bssCOMMON    0000
__Hcinit                      cinit        002B
__Hclrtext                    clrtext      0000
__Hcode                       code         0000
__Hcommon                     common       0000
__Hconfig                     config       2008
__HcstackBANK0                cstackBANK0  0000
__HcstackCOMMON               cstackCOMMON 0000
__HdataCOMMON                 dataCOMMON   0000
__Heeprom_data                eeprom_data  0000
__Hend_init                   end_init     000F
__Hfunctab                    functab      0000
__Hheap                       heap         0000
__HidataCOMMON                idataCOMMON  0000
__Hinit                       init         000C
__Hintentry                   intentry     000C
__Hmaintext                   maintext     0000
__Hpowerup                    powerup      0000
__Hram                        ram          0000
__Hreset_vec                  reset_vec    0003
__Hsfr0                       sfr0         0000
__Hsfr1                       sfr1         0000
__Hsfr2                       sfr2         0000
__Hsfr3                       sfr3         0000
__Hsivt                       sivt         000C
__Hspace_0                    (abs)        1000
__Hspace_1                    (abs)        00D2
__Hspace_2                    (abs)        0000
__Hspace_3                    (abs)        0000
__Hspace_4                    (abs)        400F
__Hstack                      stack        0000
__Hstrings                    strings      0000
__Htext                       text         0000
__L__absolute__               __absolute__ 0000
__Labs1                       abs1         0000
__Lbank0                      bank0        0000
__Lbank1                      bank1        0000
__Lbank2                      bank2        0000
__Lbank3                      bank3        0000
__LbssBANK0                   bssBANK0     0000
__LbssBANK1                   bssBANK1     0000
__LbssCOMMON                  bssCOMMON    0000
__Lcinit                      cinit        000F
__Lclrtext                    clrtext      0000
__Lcode                       code         0000
__Lcommon                     common       0000
__Lconfig                     config       0000
__LcstackBANK0                cstackBANK0  0000
__LcstackCOMMON               cstackCOMMON 0000
__LdataCOMMON                 dataCOMMON   0000
__Leeprom_data                eeprom_data  0000
__Lend_init                   end_init     000C
__Lfunctab                    functab      0000
__Lheap                       heap         0000
__LidataCOMMON                idataCOMMON  0000
__Linit                       init         000C
__Lintentry                   intentry     0004
__Lmaintext                   maintext     0000
__Lpowerup                    powerup      0000
__Lram                        ram          0000
__Lreset_vec                  reset_vec    0000
__Lsfr0                       sfr0         0000
__Lsfr1                       sfr1         0000
__Lsfr2                       sfr2         0000
__Lsfr3                       sfr3         0000
__Lsivt                       sivt         000C
__Lspace_0                    (abs)        0000
__Lspace_1                    (abs)        0000
__Lspace_2                    (abs)        0000
__Lspace_3                    (abs)        0000
__Lspace_4                    (abs)        0000
__Lstack                      stack        0000
__Lstrings                    strings      0000
__Ltext                       text         0000
__S0                          (abs)        1000
__S1                          (abs)        00D2
__S3                          (abs)        0000
___aldiv                      text19       04F0
___aldiv@counter              cstackBANK0  002E
___aldiv@dividend             cstackBANK0  0029
___aldiv@divisor              cstackBANK0  0025
___aldiv@quotient             cstackBANK0  0030
___aldiv@sign                 cstackBANK0  002F
___awdiv                      text6        06F6
___awdiv@counter              cstackBANK0  0024
___awdiv@dividend             cstackBANK0  0022
___awdiv@divisor              cstackBANK0  0020
___awdiv@quotient             cstackBANK0  0026
___awdiv@sign                 cstackBANK0  0025
___fldiv                      text11       002B
___fldiv@a                    cstackBANK0  0026
___fldiv@aexp                 cstackBANK0  003F
___fldiv@b                    cstackBANK0  002A
___fldiv@bexp                 cstackBANK0  003E
___fldiv@grs                  cstackBANK0  003A
___fldiv@new_exp              cstackBANK0  0038
___fldiv@rem                  cstackBANK0  0033
___fldiv@sign                 cstackBANK0  0037
___fltol                      text10       0608
___fltol@exp1                 cstackBANK0  0049
___fltol@f1                   cstackBANK0  0040
___fltol@sign1                cstackBANK0  0048
___heap_hi                    (abs)        0000
___heap_lo                    (abs)        0000
___int_sp                     stack        0000
___int_stack_hi               stack        0000
___int_stack_lo               stack        0000
___latbits                    (abs)        0002
___lmul                       text18       07AA
___lmul@multiplicand          cstackCOMMON 0076
___lmul@multiplier            cstackCOMMON 0072
___lmul@product               cstackBANK0  0021
___lwdiv                      text3        0FBC
___lwdiv@counter              cstackCOMMON 0078
___lwdiv@dividend             cstackCOMMON 0074
___lwdiv@divisor              cstackCOMMON 0072
___lwdiv@quotient             cstackCOMMON 0076
___sp                         stack        0000
___stack_hi                   stack        0000
___stack_lo                   stack        0000
___stackhi                    (abs)        0000
___stacklo                    (abs)        0000
___wmul                       text17       0EB4
___wmul@multiplicand          cstackCOMMON 0074
___wmul@multiplier            cstackCOMMON 0072
___wmul@product               cstackCOMMON 0076
___xxtofl                     text9        02F1
___xxtofl@arg                 cstackBANK0  0022
___xxtofl@exp                 cstackBANK0  0021
___xxtofl@sign                cstackBANK0  0020
___xxtofl@val                 cstackCOMMON 0072
__end_of_Backward             text25       0DE4
__end_of_DHT11_Check_Response text33       0F00
__end_of_DHT11_Read           text29       0F56
__end_of_DHT11_Read_Byte      text32       0FBC
__end_of_DHT11_Start          text30       0EB4
__end_of_Forward              text24       0DEB
__end_of_ISR                  text35       0E65
__end_of_Initialize_Hbridge   text28       0DDD
__end_of_Initialize_UART      text27       0E95
__end_of_LED_Init             text26       0E4F
__end_of_Left                 text23       0DF2
__end_of_MOVE                 text13       06F6
__end_of_PWM_Init             text12       0E2D
__end_of_Read_Ultrasonic1     text8        0451
__end_of_Read_Ultrasonic2     text7        04F0
__end_of_Right                text22       0DF9
__end_of_Set_LED_DutyCycle    text5        07AA
__end_of_Set_PWM_Duty         text16       0608
__end_of_Stop                 text21       0E00
__end_of_UART_get_char        text20       0E3D
__end_of_Ultrasonic_Init      text4        07FF
__end_of___aldiv              text19       058D
__end_of___awdiv              text6        075F
__end_of___fldiv              text11       01FA
__end_of___fltol              text10       0680
__end_of___lmul               text18       07F2
__end_of___lwdiv              text3        1000
__end_of___wmul               text17       0ED9
__end_of___xxtofl             text9        03AB
__end_of__initialization      cinit        0027
__end_of_adc                  text2        0F86
__end_of_closeFridge          text15       0E14
__end_of_delay_ms             text31       0F29
__end_of_delay_us             text34       0E7D
__end_of_init_timer           text1        0DD6
__end_of_main                 maintext     02F1
__end_of_openFridge           text14       0E20
__initialization              cinit        000F
__pbssBANK0                   bssBANK0     0053
__pbssBANK1                   bssBANK1     00A0
__pbssCOMMON                  bssCOMMON    007A
__pcstackBANK0                cstackBANK0  0020
__pcstackCOMMON               cstackCOMMON 0070
__pdataCOMMON                 dataCOMMON   007B
__pidataCOMMON                idataCOMMON  07FF
__pintentry                   intentry     0004
__pmaintext                   maintext     01FA
__ptext1                      text1        0DD3
__ptext10                     text10       0608
__ptext11                     text11       002B
__ptext12                     text12       0E20
__ptext13                     text13       0680
__ptext14                     text14       0E14
__ptext15                     text15       0E08
__ptext16                     text16       058D
__ptext17                     text17       0EB4
__ptext18                     text18       07AA
__ptext19                     text19       04F0
__ptext2                      text2        0F56
__ptext20                     text20       0E2D
__ptext21                     text21       0DF9
__ptext22                     text22       0DF2
__ptext23                     text23       0DEB
__ptext24                     text24       0DE4
__ptext25                     text25       0DDD
__ptext26                     text26       0E3D
__ptext27                     text27       0E7D
__ptext28                     text28       0DD6
__ptext29                     text29       0F29
__ptext3                      text3        0FBC
__ptext30                     text30       0E95
__ptext31                     text31       0F00
__ptext32                     text32       0F86
__ptext33                     text33       0ED9
__ptext34                     text34       0E65
__ptext35                     text35       0E4F
__ptext4                      text4        07F2
__ptext5                      text5        075F
__ptext6                      text6        06F6
__ptext7                      text7        0451
__ptext8                      text8        03AB
__ptext9                      text9        02F1
_adc                          text2        0F56
_adc_val                      bssBANK0     005B
_closeFridge                  text15       0E08
_delay_ms                     text31       0F00
_delay_us                     text34       0E65
_get_value                    bssBANK0     0060
_humidity                     bssBANK0     005D
_init_timer                   text1        0DD3
_led_val                      bssBANK0     0059
_main                         maintext     01FA
_no_backward                  bssBANK0     005F
_no_forward                   bssBANK0     005E
_openFridge                   text14       0E14
_status                       dataCOMMON   007B
_temperature                  bssCOMMON    007A
_timer                        bssBANK0     0053
_uv1                          bssBANK0     0057
_uv2                          bssBANK0     0055
adc@adcval                    cstackBANK0  0022
btemp                         (abs)        007E
clear_ram0                    clrtext      0E00
delay_ms@i                    cstackCOMMON 0074
delay_ms@j                    cstackCOMMON 0076
delay_ms@x                    cstackCOMMON 0072
delay_us@i                    cstackCOMMON 0074
delay_us@x                    cstackCOMMON 0072
end_of_initialization         cinit        0027
interrupt_function            intentry     0004
intlevel0                     functab      0000
intlevel1                     functab      0000
intlevel2                     functab      0000
intlevel3                     functab      0000
intlevel4                     functab      0000
intlevel5                     functab      0000
reset_vec                     reset_vec    0000
saved_w                       (abs)        007E
start                         init         000C
start_initialization          cinit        000F
wtemp0                        (abs)        007E


MODULE INFORMATION

Module		Function		Class		Link	Load	Size
C:\Program Files\Microchip\xc8\v2.46\pic\sources\c99\common\fltol.c
		___fltol       		CODE           	0608	0000	120

C:\Program Files\Microchip\xc8\v2.46\pic\sources\c99\common\fltol.c estimated size: 120

C:\Program Files\Microchip\xc8\v2.46\pic\sources\c99\common\lwdiv.c
		___lwdiv       		CODE           	0FBC	0000	68

C:\Program Files\Microchip\xc8\v2.46\pic\sources\c99\common\lwdiv.c estimated size: 68

C:\Program Files\Microchip\xc8\v2.46\pic\sources\c99\common\awdiv.c
		___awdiv       		CODE           	06F6	0000	105

C:\Program Files\Microchip\xc8\v2.46\pic\sources\c99\common\awdiv.c estimated size: 105

C:\Program Files\Microchip\xc8\v2.46\pic\sources\c99\common\xxtofl.c
		___xxtofl      		CODE           	02F1	0000	186

C:\Program Files\Microchip\xc8\v2.46\pic\sources\c99\common\xxtofl.c estimated size: 186

C:\Program Files\Microchip\xc8\v2.46\pic\sources\c99\common\aldiv.c
		___aldiv       		CODE           	04F0	0000	157

C:\Program Files\Microchip\xc8\v2.46\pic\sources\c99\common\aldiv.c estimated size: 157

C:\Program Files\Microchip\xc8\v2.46\pic\sources\c99\common\sprcdiv.c
		___fldiv       		CODE           	002B	0000	463

C:\Program Files\Microchip\xc8\v2.46\pic\sources\c99\common\sprcdiv.c estimated size: 463

shared
		__initialization		CODE           	000F	0000	24

shared estimated size: 24

C:\Program Files\Microchip\xc8\v2.46\pic\sources\c99\common\Umul16.c
		___wmul        		CODE           	0EB4	0000	37

C:\Program Files\Microchip\xc8\v2.46\pic\sources\c99\common\Umul16.c estimated size: 37

main.c
		_Set_PWM_Duty  		CODE           	058D	0000	123
		_closeFridge   		CODE           	0E08	0000	12
		_Forward       		CODE           	0DE4	0000	7
		_Set_LED_DutyCycle		CODE           	075F	0000	75
		_LED_Init      		CODE           	0E3D	0000	18
		_ISR           		CODE           	0E4F	0000	22
		_MOVE          		CODE           	0680	0000	118
		_DHT11_Read_Byte		CODE           	0F86	0000	54
		_Ultrasonic_Init		CODE           	07F2	0000	13
		_delay_us      		CODE           	0E65	0000	24
		_main          		CODE           	01FA	0000	247
		_DHT11_Start   		CODE           	0E95	0000	31
		_Left          		CODE           	0DEB	0000	7
		_adc           		CODE           	0F56	0000	48
		_UART_get_char 		CODE           	0E2D	0000	16
		_Right         		CODE           	0DF2	0000	7
		_init_timer    		CODE           	0DD3	0000	3
		_Backward      		CODE           	0DDD	0000	7
		_Read_Ultrasonic1		CODE           	03AB	0000	166
		_Read_Ultrasonic2		CODE           	0451	0000	159
		_DHT11_Read    		CODE           	0F29	0000	45
		_DHT11_Check_Response		CODE           	0ED9	0000	39
		_delay_ms      		CODE           	0F00	0000	41
		_Initialize_Hbridge		CODE           	0DD6	0000	7
		_Stop          		CODE           	0DF9	0000	7
		_Initialize_UART		CODE           	0E7D	0000	24
		_PWM_Init      		CODE           	0E20	0000	13
		_openFridge    		CODE           	0E14	0000	12

main.c estimated size: 1345

C:\Program Files\Microchip\xc8\v2.46\pic\sources\c99\common\Umul32.c
		___lmul        		CODE           	07AA	0000	72

C:\Program Files\Microchip\xc8\v2.46\pic\sources\c99\common\Umul32.c estimated size: 72

